// Jest Snapshot v1, https://goo.gl/fbAQLP

exports[`index.js renders without crashing and requests the stored data 1`] = `"{\\"_reactInternalInstance\\":\\"censored\\"}"`;
